[2026-04-23T07:30:11.609+0000][gc] Using G1
[2026-04-23T07:30:11.615+0000][gc,init] Version: 17.0.15+6-alpine-r0 (release)
[2026-04-23T07:30:11.615+0000][gc,init] CPUs: 8 total, 8 available
[2026-04-23T07:30:11.615+0000][gc,init] Memory: 32021M
[2026-04-23T07:30:11.615+0000][gc,init] Large Page Support: Disabled
[2026-04-23T07:30:11.615+0000][gc,init] NUMA Support: Disabled
[2026-04-23T07:30:11.615+0000][gc,init] Compressed Oops: Enabled (32-bit)
[2026-04-23T07:30:11.615+0000][gc,init] Heap Region Size: 1M
[2026-04-23T07:30:11.615+0000][gc,init] Heap Min Capacity: 1G
[2026-04-23T07:30:11.615+0000][gc,init] Heap Initial Capacity: 1G
[2026-04-23T07:30:11.615+0000][gc,init] Heap Max Capacity: 1G
[2026-04-23T07:30:11.615+0000][gc,init] Pre-touch: Disabled
[2026-04-23T07:30:11.615+0000][gc,init] Parallel Workers: 8
[2026-04-23T07:30:11.615+0000][gc,init] Concurrent Workers: 2
[2026-04-23T07:30:11.615+0000][gc,init] Concurrent Refinement Workers: 8
[2026-04-23T07:30:11.615+0000][gc,init] Periodic GC: Disabled
[2026-04-23T07:30:11.620+0000][gc,metaspace] CDS archive(s) mapped at: [0x00007751ff000000-0x00007751ffbc9000-0x00007751ffbc9000), size 12357632, SharedBaseAddress: 0x00007751ff000000, ArchiveRelocationMode: 1.
[2026-04-23T07:30:11.620+0000][gc,metaspace] Compressed class space mapped at: 0x0000775200000000-0x0000775240000000, reserved size: 1073741824
[2026-04-23T07:30:11.620+0000][gc,metaspace] Narrow klass base: 0x00007751ff000000, Narrow klass shift: 0, Narrow klass range: 0x100000000
[2026-04-23T07:30:13.708+0000][gc,start    ] GC(0) Pause Young (Normal) (G1 Evacuation Pause)
[2026-04-23T07:30:13.708+0000][gc,task     ] GC(0) Using 8 workers of 8 for evacuation
[2026-04-23T07:30:13.724+0000][gc,phases   ] GC(0)   Pre Evacuate Collection Set: 0.1ms
[2026-04-23T07:30:13.724+0000][gc,phases   ] GC(0)   Merge Heap Roots: 0.1ms
[2026-04-23T07:30:13.724+0000][gc,phases   ] GC(0)   Evacuate Collection Set: 13.6ms
[2026-04-23T07:30:13.724+0000][gc,phases   ] GC(0)   Post Evacuate Collection Set: 1.6ms
[2026-04-23T07:30:13.724+0000][gc,phases   ] GC(0)   Other: 1.0ms
[2026-04-23T07:30:13.724+0000][gc,heap     ] GC(0) Eden regions: 512->0(475)
[2026-04-23T07:30:13.724+0000][gc,heap     ] GC(0) Survivor regions: 0->37(64)
[2026-04-23T07:30:13.724+0000][gc,heap     ] GC(0) Old regions: 0->0
[2026-04-23T07:30:13.724+0000][gc,heap     ] GC(0) Archive regions: 2->2
[2026-04-23T07:30:13.724+0000][gc,heap     ] GC(0) Humongous regions: 0->0
[2026-04-23T07:30:13.724+0000][gc,metaspace] GC(0) Metaspace: 21032K(21440K)->21032K(21440K) NonClass: 18421K(18624K)->18421K(18624K) Class: 2610K(2816K)->2610K(2816K)
[2026-04-23T07:30:13.724+0000][gc          ] GC(0) Pause Young (Normal) (G1 Evacuation Pause) 512M->37M(1024M) 16.520ms
[2026-04-23T07:30:13.724+0000][gc,cpu      ] GC(0) User=0.09s Sys=0.01s Real=0.02s
[2026-04-23T07:30:13.784+0000][gc,start    ] GC(1) Pause Young (Concurrent Start) (Metadata GC Threshold)
[2026-04-23T07:30:13.784+0000][gc,task     ] GC(1) Using 8 workers of 8 for evacuation
[2026-04-23T07:30:13.797+0000][gc,phases   ] GC(1)   Pre Evacuate Collection Set: 0.1ms
[2026-04-23T07:30:13.797+0000][gc,phases   ] GC(1)   Merge Heap Roots: 0.1ms
[2026-04-23T07:30:13.797+0000][gc,phases   ] GC(1)   Evacuate Collection Set: 12.5ms
[2026-04-23T07:30:13.797+0000][gc,phases   ] GC(1)   Post Evacuate Collection Set: 0.7ms
[2026-04-23T07:30:13.797+0000][gc,phases   ] GC(1)   Other: 0.2ms
[2026-04-23T07:30:13.797+0000][gc,heap     ] GC(1) Eden regions: 21->0(508)
[2026-04-23T07:30:13.797+0000][gc,heap     ] GC(1) Survivor regions: 37->4(64)
[2026-04-23T07:30:13.797+0000][gc,heap     ] GC(1) Old regions: 0->37
[2026-04-23T07:30:13.797+0000][gc,heap     ] GC(1) Archive regions: 2->2
[2026-04-23T07:30:13.797+0000][gc,heap     ] GC(1) Humongous regions: 0->0
[2026-04-23T07:30:13.797+0000][gc,metaspace] GC(1) Metaspace: 21138K(21504K)->21138K(21504K) NonClass: 18516K(18688K)->18516K(18688K) Class: 2622K(2816K)->2622K(2816K)
[2026-04-23T07:30:13.797+0000][gc          ] GC(1) Pause Young (Concurrent Start) (Metadata GC Threshold) 57M->41M(1024M) 13.692ms
[2026-04-23T07:30:13.797+0000][gc,cpu      ] GC(1) User=0.07s Sys=0.02s Real=0.01s
[2026-04-23T07:30:13.797+0000][gc          ] GC(2) Concurrent Mark Cycle
[2026-04-23T07:30:13.797+0000][gc,marking  ] GC(2) Concurrent Clear Claimed Marks
[2026-04-23T07:30:13.797+0000][gc,marking  ] GC(2) Concurrent Clear Claimed Marks 0.048ms
[2026-04-23T07:30:13.797+0000][gc,marking  ] GC(2) Concurrent Scan Root Regions
[2026-04-23T07:30:13.805+0000][gc,marking  ] GC(2) Concurrent Scan Root Regions 7.102ms
[2026-04-23T07:30:13.805+0000][gc,marking  ] GC(2) Concurrent Mark
[2026-04-23T07:30:13.805+0000][gc,marking  ] GC(2) Concurrent Mark From Roots
[2026-04-23T07:30:13.805+0000][gc,task     ] GC(2) Using 2 workers of 2 for marking
[2026-04-23T07:30:13.806+0000][gc,marking  ] GC(2) Concurrent Mark From Roots 1.921ms
[2026-04-23T07:30:13.807+0000][gc,marking  ] GC(2) Concurrent Preclean
[2026-04-23T07:30:13.807+0000][gc,marking  ] GC(2) Concurrent Preclean 0.039ms
[2026-04-23T07:30:13.807+0000][gc,start    ] GC(2) Pause Remark
[2026-04-23T07:30:13.809+0000][gc          ] GC(2) Pause Remark 43M->43M(1024M) 2.081ms
[2026-04-23T07:30:13.809+0000][gc,cpu      ] GC(2) User=0.02s Sys=0.00s Real=0.00s
[2026-04-23T07:30:13.809+0000][gc,marking  ] GC(2) Concurrent Mark 4.324ms
[2026-04-23T07:30:13.809+0000][gc,marking  ] GC(2) Concurrent Rebuild Remembered Sets
[2026-04-23T07:30:13.818+0000][gc,marking  ] GC(2) Concurrent Rebuild Remembered Sets 9.152ms
[2026-04-23T07:30:13.818+0000][gc,start    ] GC(2) Pause Cleanup
[2026-04-23T07:30:13.818+0000][gc          ] GC(2) Pause Cleanup 45M->45M(1024M) 0.198ms
[2026-04-23T07:30:13.818+0000][gc,cpu      ] GC(2) User=0.00s Sys=0.00s Real=0.00s
[2026-04-23T07:30:13.819+0000][gc,marking  ] GC(2) Concurrent Cleanup for Next Mark
[2026-04-23T07:30:13.822+0000][gc,marking  ] GC(2) Concurrent Cleanup for Next Mark 3.479ms
[2026-04-23T07:30:13.822+0000][gc          ] GC(2) Concurrent Mark Cycle 24.957ms
[2026-04-23T07:30:15.088+0000][gc,start    ] GC(3) Pause Young (Concurrent Start) (Metadata GC Threshold)
[2026-04-23T07:30:15.088+0000][gc,task     ] GC(3) Using 8 workers of 8 for evacuation
[2026-04-23T07:30:15.096+0000][gc,phases   ] GC(3)   Pre Evacuate Collection Set: 0.2ms
[2026-04-23T07:30:15.096+0000][gc,phases   ] GC(3)   Merge Heap Roots: 0.1ms
[2026-04-23T07:30:15.096+0000][gc,phases   ] GC(3)   Evacuate Collection Set: 6.4ms
[2026-04-23T07:30:15.096+0000][gc,phases   ] GC(3)   Post Evacuate Collection Set: 0.8ms
[2026-04-23T07:30:15.096+0000][gc,phases   ] GC(3)   Other: 0.2ms
[2026-04-23T07:30:15.096+0000][gc,heap     ] GC(3) Eden regions: 251->0(502)
[2026-04-23T07:30:15.096+0000][gc,heap     ] GC(3) Survivor regions: 4->10(64)
[2026-04-23T07:30:15.096+0000][gc,heap     ] GC(3) Old regions: 37->37
[2026-04-23T07:30:15.096+0000][gc,heap     ] GC(3) Archive regions: 2->2
[2026-04-23T07:30:15.096+0000][gc,heap     ] GC(3) Humongous regions: 0->0
[2026-04-23T07:30:15.096+0000][gc,metaspace] GC(3) Metaspace: 35491K(35968K)->35491K(35968K) NonClass: 31076K(31296K)->31076K(31296K) Class: 4415K(4672K)->4415K(4672K)
[2026-04-23T07:30:15.096+0000][gc          ] GC(3) Pause Young (Concurrent Start) (Metadata GC Threshold) 291M->46M(1024M) 7.797ms
[2026-04-23T07:30:15.096+0000][gc,cpu      ] GC(3) User=0.04s Sys=0.01s Real=0.01s
[2026-04-23T07:30:15.096+0000][gc          ] GC(4) Concurrent Mark Cycle
[2026-04-23T07:30:15.096+0000][gc,marking  ] GC(4) Concurrent Clear Claimed Marks
[2026-04-23T07:30:15.096+0000][gc,marking  ] GC(4) Concurrent Clear Claimed Marks 0.062ms
[2026-04-23T07:30:15.096+0000][gc,marking  ] GC(4) Concurrent Scan Root Regions
[2026-04-23T07:30:15.100+0000][gc,marking  ] GC(4) Concurrent Scan Root Regions 3.933ms
[2026-04-23T07:30:15.100+0000][gc,marking  ] GC(4) Concurrent Mark
[2026-04-23T07:30:15.100+0000][gc,marking  ] GC(4) Concurrent Mark From Roots
[2026-04-23T07:30:15.100+0000][gc,task     ] GC(4) Using 2 workers of 2 for marking
[2026-04-23T07:30:15.124+0000][gc,marking  ] GC(4) Concurrent Mark From Roots 23.729ms
[2026-04-23T07:30:15.124+0000][gc,marking  ] GC(4) Concurrent Preclean
[2026-04-23T07:30:15.124+0000][gc,marking  ] GC(4) Concurrent Preclean 0.198ms
[2026-04-23T07:30:15.124+0000][gc,start    ] GC(4) Pause Remark
[2026-04-23T07:30:15.126+0000][gc          ] GC(4) Pause Remark 52M->52M(1024M) 2.178ms
[2026-04-23T07:30:15.126+0000][gc,cpu      ] GC(4) User=0.01s Sys=0.00s Real=0.00s
[2026-04-23T07:30:15.126+0000][gc,marking  ] GC(4) Concurrent Mark 26.335ms
[2026-04-23T07:30:15.126+0000][gc,marking  ] GC(4) Concurrent Rebuild Remembered Sets
[2026-04-23T07:30:15.136+0000][gc,marking  ] GC(4) Concurrent Rebuild Remembered Sets 10.110ms
[2026-04-23T07:30:15.136+0000][gc,start    ] GC(4) Pause Cleanup
[2026-04-23T07:30:15.137+0000][gc          ] GC(4) Pause Cleanup 52M->52M(1024M) 0.169ms
[2026-04-23T07:30:15.137+0000][gc,cpu      ] GC(4) User=0.00s Sys=0.00s Real=0.00s
[2026-04-23T07:30:15.137+0000][gc,marking  ] GC(4) Concurrent Cleanup for Next Mark
[2026-04-23T07:30:15.140+0000][gc,marking  ] GC(4) Concurrent Cleanup for Next Mark 3.105ms
[2026-04-23T07:30:15.140+0000][gc          ] GC(4) Concurrent Mark Cycle 43.974ms
[2026-04-23T07:30:19.149+0000][gc,heap,exit] Heap
[2026-04-23T07:30:19.149+0000][gc,heap,exit]  garbage-first heap   total 1048576K, used 96096K [0x00000000c0000000, 0x0000000100000000)
[2026-04-23T07:30:19.149+0000][gc,heap,exit]   region size 1024K, 57 young (58368K), 10 survivors (10240K)
[2026-04-23T07:30:19.149+0000][gc,heap,exit]  Metaspace       used 38367K, committed 38848K, reserved 1114112K
[2026-04-23T07:30:19.149+0000][gc,heap,exit]   class space    used 4758K, committed 4992K, reserved 1048576K
