[2026-04-23T07:23:34.966+0000][gc] Using G1
[2026-04-23T07:23:34.972+0000][gc,init] Version: 17.0.15+6-alpine-r0 (release)
[2026-04-23T07:23:34.972+0000][gc,init] CPUs: 8 total, 8 available
[2026-04-23T07:23:34.972+0000][gc,init] Memory: 32021M
[2026-04-23T07:23:34.972+0000][gc,init] Large Page Support: Disabled
[2026-04-23T07:23:34.972+0000][gc,init] NUMA Support: Disabled
[2026-04-23T07:23:34.972+0000][gc,init] Compressed Oops: Enabled (32-bit)
[2026-04-23T07:23:34.972+0000][gc,init] Heap Region Size: 1M
[2026-04-23T07:23:34.972+0000][gc,init] Heap Min Capacity: 1G
[2026-04-23T07:23:34.972+0000][gc,init] Heap Initial Capacity: 1G
[2026-04-23T07:23:34.972+0000][gc,init] Heap Max Capacity: 1G
[2026-04-23T07:23:34.972+0000][gc,init] Pre-touch: Disabled
[2026-04-23T07:23:34.972+0000][gc,init] Parallel Workers: 8
[2026-04-23T07:23:34.972+0000][gc,init] Concurrent Workers: 2
[2026-04-23T07:23:34.972+0000][gc,init] Concurrent Refinement Workers: 8
[2026-04-23T07:23:34.972+0000][gc,init] Periodic GC: Disabled
[2026-04-23T07:23:34.978+0000][gc,metaspace] CDS archive(s) mapped at: [0x0000717aa7000000-0x0000717aa7bc9000-0x0000717aa7bc9000), size 12357632, SharedBaseAddress: 0x0000717aa7000000, ArchiveRelocationMode: 1.
[2026-04-23T07:23:34.978+0000][gc,metaspace] Compressed class space mapped at: 0x0000717aa8000000-0x0000717ae8000000, reserved size: 1073741824
[2026-04-23T07:23:34.978+0000][gc,metaspace] Narrow klass base: 0x0000717aa7000000, Narrow klass shift: 0, Narrow klass range: 0x100000000
[2026-04-23T07:23:37.062+0000][gc,start    ] GC(0) Pause Young (Normal) (G1 Evacuation Pause)
[2026-04-23T07:23:37.062+0000][gc,task     ] GC(0) Using 8 workers of 8 for evacuation
[2026-04-23T07:23:37.078+0000][gc,phases   ] GC(0)   Pre Evacuate Collection Set: 0.1ms
[2026-04-23T07:23:37.078+0000][gc,phases   ] GC(0)   Merge Heap Roots: 0.1ms
[2026-04-23T07:23:37.078+0000][gc,phases   ] GC(0)   Evacuate Collection Set: 13.1ms
[2026-04-23T07:23:37.078+0000][gc,phases   ] GC(0)   Post Evacuate Collection Set: 1.9ms
[2026-04-23T07:23:37.078+0000][gc,phases   ] GC(0)   Other: 0.7ms
[2026-04-23T07:23:37.078+0000][gc,heap     ] GC(0) Eden regions: 512->0(475)
[2026-04-23T07:23:37.078+0000][gc,heap     ] GC(0) Survivor regions: 0->37(64)
[2026-04-23T07:23:37.078+0000][gc,heap     ] GC(0) Old regions: 0->0
[2026-04-23T07:23:37.078+0000][gc,heap     ] GC(0) Archive regions: 2->2
[2026-04-23T07:23:37.078+0000][gc,heap     ] GC(0) Humongous regions: 0->0
[2026-04-23T07:23:37.078+0000][gc,metaspace] GC(0) Metaspace: 21073K(21504K)->21073K(21504K) NonClass: 18459K(18688K)->18459K(18688K) Class: 2613K(2816K)->2613K(2816K)
[2026-04-23T07:23:37.078+0000][gc          ] GC(0) Pause Young (Normal) (G1 Evacuation Pause) 512M->37M(1024M) 15.960ms
[2026-04-23T07:23:37.078+0000][gc,cpu      ] GC(0) User=0.09s Sys=0.01s Real=0.01s
[2026-04-23T07:23:37.108+0000][gc,start    ] GC(1) Pause Young (Concurrent Start) (Metadata GC Threshold)
[2026-04-23T07:23:37.108+0000][gc,task     ] GC(1) Using 8 workers of 8 for evacuation
[2026-04-23T07:23:37.122+0000][gc,phases   ] GC(1)   Pre Evacuate Collection Set: 0.1ms
[2026-04-23T07:23:37.122+0000][gc,phases   ] GC(1)   Merge Heap Roots: 0.0ms
[2026-04-23T07:23:37.122+0000][gc,phases   ] GC(1)   Evacuate Collection Set: 13.0ms
[2026-04-23T07:23:37.122+0000][gc,phases   ] GC(1)   Post Evacuate Collection Set: 0.8ms
[2026-04-23T07:23:37.122+0000][gc,phases   ] GC(1)   Other: 0.3ms
[2026-04-23T07:23:37.122+0000][gc,heap     ] GC(1) Eden regions: 14->0(508)
[2026-04-23T07:23:37.122+0000][gc,heap     ] GC(1) Survivor regions: 37->4(64)
[2026-04-23T07:23:37.122+0000][gc,heap     ] GC(1) Old regions: 0->37
[2026-04-23T07:23:37.122+0000][gc,heap     ] GC(1) Archive regions: 2->2
[2026-04-23T07:23:37.122+0000][gc,heap     ] GC(1) Humongous regions: 0->0
[2026-04-23T07:23:37.122+0000][gc,metaspace] GC(1) Metaspace: 21126K(21504K)->21126K(21504K) NonClass: 18505K(18688K)->18505K(18688K) Class: 2620K(2816K)->2620K(2816K)
[2026-04-23T07:23:37.122+0000][gc          ] GC(1) Pause Young (Concurrent Start) (Metadata GC Threshold) 50M->41M(1024M) 14.382ms
[2026-04-23T07:23:37.122+0000][gc,cpu      ] GC(1) User=0.06s Sys=0.02s Real=0.02s
[2026-04-23T07:23:37.122+0000][gc          ] GC(2) Concurrent Mark Cycle
[2026-04-23T07:23:37.122+0000][gc,marking  ] GC(2) Concurrent Clear Claimed Marks
[2026-04-23T07:23:37.123+0000][gc,marking  ] GC(2) Concurrent Clear Claimed Marks 0.071ms
[2026-04-23T07:23:37.123+0000][gc,marking  ] GC(2) Concurrent Scan Root Regions
[2026-04-23T07:23:37.131+0000][gc,marking  ] GC(2) Concurrent Scan Root Regions 8.094ms
[2026-04-23T07:23:37.131+0000][gc,marking  ] GC(2) Concurrent Mark
[2026-04-23T07:23:37.131+0000][gc,marking  ] GC(2) Concurrent Mark From Roots
[2026-04-23T07:23:37.131+0000][gc,task     ] GC(2) Using 2 workers of 2 for marking
[2026-04-23T07:23:37.132+0000][gc,marking  ] GC(2) Concurrent Mark From Roots 1.065ms
[2026-04-23T07:23:37.132+0000][gc,marking  ] GC(2) Concurrent Preclean
[2026-04-23T07:23:37.132+0000][gc,marking  ] GC(2) Concurrent Preclean 0.157ms
[2026-04-23T07:23:37.132+0000][gc,start    ] GC(2) Pause Remark
[2026-04-23T07:23:37.134+0000][gc          ] GC(2) Pause Remark 43M->43M(1024M) 1.881ms
[2026-04-23T07:23:37.134+0000][gc,cpu      ] GC(2) User=0.01s Sys=0.00s Real=0.00s
[2026-04-23T07:23:37.134+0000][gc,marking  ] GC(2) Concurrent Mark 3.484ms
[2026-04-23T07:23:37.134+0000][gc,marking  ] GC(2) Concurrent Rebuild Remembered Sets
[2026-04-23T07:23:37.144+0000][gc,marking  ] GC(2) Concurrent Rebuild Remembered Sets 9.984ms
[2026-04-23T07:23:37.144+0000][gc,start    ] GC(2) Pause Cleanup
[2026-04-23T07:23:37.145+0000][gc          ] GC(2) Pause Cleanup 45M->45M(1024M) 0.156ms
[2026-04-23T07:23:37.145+0000][gc,cpu      ] GC(2) User=0.00s Sys=0.00s Real=0.00s
[2026-04-23T07:23:37.145+0000][gc,marking  ] GC(2) Concurrent Cleanup for Next Mark
[2026-04-23T07:23:37.147+0000][gc,marking  ] GC(2) Concurrent Cleanup for Next Mark 2.829ms
[2026-04-23T07:23:37.147+0000][gc          ] GC(2) Concurrent Mark Cycle 25.068ms
[2026-04-23T07:23:48.529+0000][gc,heap,exit] Heap
[2026-04-23T07:23:48.530+0000][gc,heap,exit]  garbage-first heap   total 1048576K, used 314550K [0x00000000c0000000, 0x0000000100000000)
[2026-04-23T07:23:48.530+0000][gc,heap,exit]   region size 1024K, 270 young (276480K), 4 survivors (4096K)
[2026-04-23T07:23:48.530+0000][gc,heap,exit]  Metaspace       used 33639K, committed 33984K, reserved 1114112K
[2026-04-23T07:23:48.530+0000][gc,heap,exit]   class space    used 4205K, committed 4352K, reserved 1048576K
